1
1
-5
-3.14

Runtime Error:
test/OPR-29-30:4:OPR 20 can only print values of type integer, real or string.
OPR 0 20

Stack dump:
----------
true
UNDEF
UNDEF
0
0
3
-2
24
0
0
3.3000002
-3.3
2.42
0.2
86.25
Runtime Error:
test/OPR-7:11:Exponent must be of type integer.
OPR 0 7

Stack dump:
----------
1.1
2
UNDEF
UNDEF
0
0
Hello world.
foo    bar
foo
