true! woohoo!
false! woohoo!
temp is correct...
not is correct.

### Execution of PAL-machine simulator complete

1
1
3
7.0
 
-1
-3.0
 
3
2.0
 
0
0.33333334
 
9
8.0
 
2
-3.0
 
2 is the intans.
-3.0 is the realans.

### Execution of PAL-machine simulator complete

-5
-3.14

Runtime Error:
test/OPR-29-30:4:OPR 20 can only print values of type integer, real or string.
OPR 0 20

Stack dump:
----------
true
UNDEF
UNDEF
0
0
3
2
24
2
3
3.3000002
3.3
2.42
5.0
86.25
Runtime Error:
test/OPR-7:11:Exponent must be of type integer.
OPR 0 7

Stack dump:
----------
1.1
2
UNDEF
UNDEF
0
0
Hello world.
foo    bar
foo
